2026-07-26 07:03:53,160 | INFO    | uav_swarm_ppo.baselines.qlearning | Q-network input dimension: 1363 (hidden_units=167)
2026-07-26 07:04:07,546 | INFO    | uav_swarm_ppo.baselines.qlearning | Episode 1/3: reward=-594693.25 coverage=0.527 epsilon=0.437 mean_loss=1484926.5851
2026-07-26 07:04:09,969 | INFO    | uav_swarm_ppo.baselines.qlearning | Episode 2/3: reward=-614444.70 coverage=0.534 epsilon=0.407 mean_loss=788823.5768
2026-07-26 07:04:12,151 | INFO    | uav_swarm_ppo.baselines.qlearning | Episode 3/3: reward=-406096.40 coverage=0.670 epsilon=0.378 mean_loss=1056024.2301
2026-07-26 07:04:12,528 | INFO    | uav_swarm_ppo.baselines.qlearning | Q-Learning training complete. Model saved to results/models/qlearning/qlearning_final.pt
2026-07-26 07:04:23,624 | INFO    | uav_swarm_ppo.baselines.qlearning | Eval episode 0: reward=-760901.17 coverage=0.124
2026-07-26 07:04:24,459 | INFO    | uav_swarm_ppo.baselines.qlearning | Eval episode 1: reward=-830258.94 coverage=0.108
2026-08-28 00:17:18,813 | INFO    | uav_swarm_ppo.baselines.qlearning | Q-network input dimension: 1363 (hidden_units=167)
2026-08-28 00:17:24,456 | INFO    | uav_swarm_ppo.baselines.qlearning | Episode 1/200: reward=-340806.99 coverage=0.468 epsilon=0.437 mean_loss=903114.4736
2026-08-28 00:17:26,928 | INFO    | uav_swarm_ppo.baselines.qlearning | Episode 2/200: reward=-220534.87 coverage=0.745 epsilon=0.407 mean_loss=586144.3547
2026-08-28 00:17:29,405 | INFO    | uav_swarm_ppo.baselines.qlearning | Episode 3/200: reward=-180746.45 coverage=0.595 epsilon=0.378 mean_loss=339607.5527
2026-08-28 00:17:31,688 | INFO    | uav_swarm_ppo.baselines.qlearning | Episode 4/200: reward=-180442.88 coverage=0.743 epsilon=0.352 mean_loss=345458.2103
2026-08-28 00:17:34,457 | INFO    | uav_swarm_ppo.baselines.qlearning | Episode 5/200: reward=-204376.25 coverage=0.650 epsilon=0.327 mean_loss=325706.5009
2026-08-28 00:17:37,666 | INFO    | uav_swarm_ppo.baselines.qlearning | Episode 6/200: reward=-552804.57 coverage=0.399 epsilon=0.304 mean_loss=1307539.3437
2026-08-28 00:17:40,202 | INFO    | uav_swarm_ppo.baselines.qlearning | Episode 7/200: reward=-416448.16 coverage=0.567 epsilon=0.283 mean_loss=1242357.7124
2026-08-28 00:17:42,650 | INFO    | uav_swarm_ppo.baselines.qlearning | Episode 8/200: reward=-272237.02 coverage=0.585 epsilon=0.263 mean_loss=462460.7306
2026-08-28 00:17:45,244 | INFO    | uav_swarm_ppo.baselines.qlearning | Episode 9/200: reward=-215150.56 coverage=0.710 epsilon=0.245 mean_loss=459191.8023
2026-08-28 00:17:48,265 | INFO    | uav_swarm_ppo.baselines.qlearning | Episode 10/200: reward=-248170.12 coverage=0.647 epsilon=0.227 mean_loss=412955.2756
2026-08-28 00:17:50,925 | INFO    | uav_swarm_ppo.baselines.qlearning | Episode 11/200: reward=-236021.28 coverage=0.662 epsilon=0.212 mean_loss=371898.7413
2026-08-28 00:17:53,361 | INFO    | uav_swarm_ppo.baselines.qlearning | Episode 12/200: reward=-214836.69 coverage=0.591 epsilon=0.197 mean_loss=376689.3313
2026-08-28 00:17:55,599 | INFO    | uav_swarm_ppo.baselines.qlearning | Episode 13/200: reward=-334067.13 coverage=0.495 epsilon=0.183 mean_loss=587384.0751
2026-08-28 00:17:57,880 | INFO    | uav_swarm_ppo.baselines.qlearning | Episode 14/200: reward=-347186.19 coverage=0.525 epsilon=0.170 mean_loss=853716.7466
2026-08-28 00:18:00,166 | INFO    | uav_swarm_ppo.baselines.qlearning | Episode 15/200: reward=-406053.68 coverage=0.594 epsilon=0.158 mean_loss=958859.2568
2026-08-28 00:18:02,508 | INFO    | uav_swarm_ppo.baselines.qlearning | Episode 16/200: reward=-559947.83 coverage=0.515 epsilon=0.147 mean_loss=1467725.3882
2026-08-28 00:18:04,792 | INFO    | uav_swarm_ppo.baselines.qlearning | Episode 17/200: reward=-251224.15 coverage=0.385 epsilon=0.137 mean_loss=866163.4681
2026-08-28 00:18:07,177 | INFO    | uav_swarm_ppo.baselines.qlearning | Episode 18/200: reward=-436106.18 coverage=0.667 epsilon=0.127 mean_loss=932909.0357
2026-08-28 00:18:09,944 | INFO    | uav_swarm_ppo.baselines.qlearning | Episode 19/200: reward=-263298.41 coverage=0.680 epsilon=0.118 mean_loss=436786.9712
2026-08-28 00:18:12,515 | INFO    | uav_swarm_ppo.baselines.qlearning | Episode 20/200: reward=-578730.06 coverage=0.155 epsilon=0.110 mean_loss=828469.6494
2026-08-28 00:18:14,984 | INFO    | uav_swarm_ppo.baselines.qlearning | Episode 21/200: reward=-373971.60 coverage=0.305 epsilon=0.102 mean_loss=662894.2473
2026-08-28 00:18:17,184 | INFO    | uav_swarm_ppo.baselines.qlearning | Episode 22/200: reward=-234411.62 coverage=0.399 epsilon=0.095 mean_loss=590342.1547
2026-08-28 00:18:19,551 | INFO    | uav_swarm_ppo.baselines.qlearning | Episode 23/200: reward=-434423.50 coverage=0.416 epsilon=0.089 mean_loss=1038489.0439
2026-08-28 00:18:21,805 | INFO    | uav_swarm_ppo.baselines.qlearning | Episode 24/200: reward=-567363.31 coverage=0.488 epsilon=0.082 mean_loss=1537521.7422
2026-08-28 00:18:23,938 | INFO    | uav_swarm_ppo.baselines.qlearning | Episode 25/200: reward=-200956.85 coverage=0.627 epsilon=0.077 mean_loss=486603.6167
2026-08-28 00:18:26,337 | INFO    | uav_swarm_ppo.baselines.qlearning | Episode 26/200: reward=-214021.52 coverage=0.668 epsilon=0.071 mean_loss=369411.9482
2026-08-28 00:18:28,578 | INFO    | uav_swarm_ppo.baselines.qlearning | Episode 27/200: reward=-404005.44 coverage=0.463 epsilon=0.066 mean_loss=724692.3409
2026-08-28 00:18:31,089 | INFO    | uav_swarm_ppo.baselines.qlearning | Episode 28/200: reward=-436008.02 coverage=0.470 epsilon=0.062 mean_loss=919985.2383
2026-08-28 00:18:33,310 | INFO    | uav_swarm_ppo.baselines.qlearning | Episode 29/200: reward=-447437.66 coverage=0.262 epsilon=0.057 mean_loss=816381.1436
2026-08-28 00:18:35,743 | INFO    | uav_swarm_ppo.baselines.qlearning | Episode 30/200: reward=-205678.45 coverage=0.542 epsilon=0.053 mean_loss=415200.4277
2026-08-28 00:18:37,923 | INFO    | uav_swarm_ppo.baselines.qlearning | Episode 31/200: reward=-795449.68 coverage=0.330 epsilon=0.050 mean_loss=1915567.6366
2026-08-28 00:18:40,148 | INFO    | uav_swarm_ppo.baselines.qlearning | Episode 32/200: reward=-546548.91 coverage=0.244 epsilon=0.050 mean_loss=991744.9065
2026-08-28 00:18:42,451 | INFO    | uav_swarm_ppo.baselines.qlearning | Episode 33/200: reward=-822534.58 coverage=0.338 epsilon=0.050 mean_loss=1797437.3488
2026-08-28 00:18:44,708 | INFO    | uav_swarm_ppo.baselines.qlearning | Episode 34/200: reward=-326229.47 coverage=0.265 epsilon=0.050 mean_loss=821386.3674
2026-08-28 00:18:47,131 | INFO    | uav_swarm_ppo.baselines.qlearning | Episode 35/200: reward=-384211.74 coverage=0.520 epsilon=0.050 mean_loss=794013.4179
2026-08-28 00:18:49,289 | INFO    | uav_swarm_ppo.baselines.qlearning | Episode 36/200: reward=-406345.77 coverage=0.480 epsilon=0.050 mean_loss=808351.6358
2026-08-28 00:18:51,712 | INFO    | uav_swarm_ppo.baselines.qlearning | Episode 37/200: reward=-230532.23 coverage=0.520 epsilon=0.050 mean_loss=401567.6486
2026-08-28 00:18:53,937 | INFO    | uav_swarm_ppo.baselines.qlearning | Episode 38/200: reward=-426560.96 coverage=0.557 epsilon=0.050 mean_loss=1025917.9677
2026-08-28 00:18:56,274 | INFO    | uav_swarm_ppo.baselines.qlearning | Episode 39/200: reward=-162487.76 coverage=0.609 epsilon=0.050 mean_loss=414596.4566
2026-08-28 00:18:58,893 | INFO    | uav_swarm_ppo.baselines.qlearning | Episode 40/200: reward=-396054.80 coverage=0.500 epsilon=0.050 mean_loss=835883.7539
2026-08-28 00:19:02,021 | INFO    | uav_swarm_ppo.baselines.qlearning | Episode 41/200: reward=-319234.54 coverage=0.502 epsilon=0.050 mean_loss=551842.9962
2026-08-28 00:19:04,388 | INFO    | uav_swarm_ppo.baselines.qlearning | Episode 42/200: reward=-651296.50 coverage=0.527 epsilon=0.050 mean_loss=1301757.1474
2026-08-28 00:19:07,026 | INFO    | uav_swarm_ppo.baselines.qlearning | Episode 43/200: reward=-465743.28 coverage=0.471 epsilon=0.050 mean_loss=1014709.6258
2026-08-28 00:19:09,378 | INFO    | uav_swarm_ppo.baselines.qlearning | Episode 44/200: reward=-239205.51 coverage=0.607 epsilon=0.050 mean_loss=531724.8648
2026-08-28 00:19:11,650 | INFO    | uav_swarm_ppo.baselines.qlearning | Episode 45/200: reward=-566708.10 coverage=0.559 epsilon=0.050 mean_loss=867860.1325
2026-08-28 00:19:13,936 | INFO    | uav_swarm_ppo.baselines.qlearning | Episode 46/200: reward=-325689.31 coverage=0.119 epsilon=0.050 mean_loss=660426.8666
2026-08-28 00:19:16,148 | INFO    | uav_swarm_ppo.baselines.qlearning | Episode 47/200: reward=-245919.62 coverage=0.690 epsilon=0.050 mean_loss=491681.3529
2026-08-28 00:19:18,611 | INFO    | uav_swarm_ppo.baselines.qlearning | Episode 48/200: reward=-241676.78 coverage=0.578 epsilon=0.050 mean_loss=556014.4231
2026-08-28 00:19:20,991 | INFO    | uav_swarm_ppo.baselines.qlearning | Episode 49/200: reward=-327620.38 coverage=0.458 epsilon=0.050 mean_loss=522982.1454
2026-08-28 00:19:23,343 | INFO    | uav_swarm_ppo.baselines.qlearning | Episode 50/200: reward=-186013.72 coverage=0.695 epsilon=0.050 mean_loss=502269.6791
2026-08-28 00:19:25,470 | INFO    | uav_swarm_ppo.baselines.qlearning | Episode 51/200: reward=-168384.12 coverage=0.767 epsilon=0.050 mean_loss=254958.3844
2026-08-28 00:19:27,888 | INFO    | uav_swarm_ppo.baselines.qlearning | Episode 52/200: reward=-226654.89 coverage=0.645 epsilon=0.050 mean_loss=335609.5001
2026-08-28 00:19:30,057 | INFO    | uav_swarm_ppo.baselines.qlearning | Episode 53/200: reward=-234147.70 coverage=0.715 epsilon=0.050 mean_loss=485020.9450
2026-08-28 00:19:32,521 | INFO    | uav_swarm_ppo.baselines.qlearning | Episode 54/200: reward=-229338.53 coverage=0.740 epsilon=0.050 mean_loss=471289.4131
2026-08-28 00:19:34,786 | INFO    | uav_swarm_ppo.baselines.qlearning | Episode 55/200: reward=-583190.54 coverage=0.512 epsilon=0.050 mean_loss=1012975.8652
2026-08-28 00:19:37,257 | INFO    | uav_swarm_ppo.baselines.qlearning | Episode 56/200: reward=-270922.12 coverage=0.234 epsilon=0.050 mean_loss=652865.4681
2026-08-28 00:19:39,598 | INFO    | uav_swarm_ppo.baselines.qlearning | Episode 57/200: reward=-544914.60 coverage=0.390 epsilon=0.050 mean_loss=1097350.1132
2026-08-28 00:19:41,914 | INFO    | uav_swarm_ppo.baselines.qlearning | Episode 58/200: reward=-595033.98 coverage=0.153 epsilon=0.050 mean_loss=1122828.7429
2026-08-28 00:19:44,224 | INFO    | uav_swarm_ppo.baselines.qlearning | Episode 59/200: reward=-245470.68 coverage=0.291 epsilon=0.050 mean_loss=965130.0126
2026-08-28 00:19:46,513 | INFO    | uav_swarm_ppo.baselines.qlearning | Episode 60/200: reward=-159810.77 coverage=0.756 epsilon=0.050 mean_loss=445339.3930
2026-08-28 00:19:49,220 | INFO    | uav_swarm_ppo.baselines.qlearning | Episode 61/200: reward=-366733.81 coverage=0.815 epsilon=0.050 mean_loss=872772.2974
2026-08-28 00:19:51,500 | INFO    | uav_swarm_ppo.baselines.qlearning | Episode 62/200: reward=-432191.81 coverage=0.335 epsilon=0.050 mean_loss=1090379.5534
2026-08-28 00:19:53,802 | INFO    | uav_swarm_ppo.baselines.qlearning | Episode 63/200: reward=-430219.81 coverage=0.490 epsilon=0.050 mean_loss=928126.5776
2026-08-28 00:19:56,083 | INFO    | uav_swarm_ppo.baselines.qlearning | Episode 64/200: reward=-153311.26 coverage=0.720 epsilon=0.050 mean_loss=767138.0658
2026-08-28 00:19:58,281 | INFO    | uav_swarm_ppo.baselines.qlearning | Episode 65/200: reward=-254405.82 coverage=0.830 epsilon=0.050 mean_loss=506950.3367
2026-08-28 00:20:00,600 | INFO    | uav_swarm_ppo.baselines.qlearning | Episode 66/200: reward=-237950.83 coverage=0.592 epsilon=0.050 mean_loss=680302.9370
2026-08-28 00:20:02,809 | INFO    | uav_swarm_ppo.baselines.qlearning | Episode 67/200: reward=-271024.43 coverage=0.527 epsilon=0.050 mean_loss=538310.8536
2026-08-28 00:20:05,329 | INFO    | uav_swarm_ppo.baselines.qlearning | Episode 68/200: reward=-470068.19 coverage=0.512 epsilon=0.050 mean_loss=716704.0358
2026-08-28 00:20:07,444 | INFO    | uav_swarm_ppo.baselines.qlearning | Episode 69/200: reward=-250542.45 coverage=0.765 epsilon=0.050 mean_loss=527219.3177
2026-08-28 00:20:09,767 | INFO    | uav_swarm_ppo.baselines.qlearning | Episode 70/200: reward=-532586.74 coverage=0.498 epsilon=0.050 mean_loss=1020270.3117
2026-08-28 00:20:11,980 | INFO    | uav_swarm_ppo.baselines.qlearning | Episode 71/200: reward=-549412.26 coverage=0.280 epsilon=0.050 mean_loss=1473036.4006
2026-08-28 00:20:14,360 | INFO    | uav_swarm_ppo.baselines.qlearning | Episode 72/200: reward=-186181.35 coverage=0.711 epsilon=0.050 mean_loss=978028.0040
2026-08-28 00:20:16,586 | INFO    | uav_swarm_ppo.baselines.qlearning | Episode 73/200: reward=-445939.16 coverage=0.630 epsilon=0.050 mean_loss=805608.1853
2026-08-28 00:20:18,908 | INFO    | uav_swarm_ppo.baselines.qlearning | Episode 74/200: reward=-229389.44 coverage=0.505 epsilon=0.050 mean_loss=846063.1915
2026-08-28 00:20:21,235 | INFO    | uav_swarm_ppo.baselines.qlearning | Episode 75/200: reward=-566274.48 coverage=0.350 epsilon=0.050 mean_loss=905116.5989
2026-08-28 00:20:23,480 | INFO    | uav_swarm_ppo.baselines.qlearning | Episode 76/200: reward=-191539.53 coverage=0.615 epsilon=0.050 mean_loss=775393.8973
2026-08-28 00:20:25,781 | INFO    | uav_swarm_ppo.baselines.qlearning | Episode 77/200: reward=-542760.60 coverage=0.495 epsilon=0.050 mean_loss=1064382.0980
2026-08-28 00:20:27,935 | INFO    | uav_swarm_ppo.baselines.qlearning | Episode 78/200: reward=-200125.04 coverage=0.687 epsilon=0.050 mean_loss=641793.3984
2026-08-28 00:20:30,335 | INFO    | uav_swarm_ppo.baselines.qlearning | Episode 79/200: reward=-453761.30 coverage=0.677 epsilon=0.050 mean_loss=738571.3110
2026-08-28 00:20:32,637 | INFO    | uav_swarm_ppo.baselines.qlearning | Episode 80/200: reward=-337990.80 coverage=0.590 epsilon=0.050 mean_loss=905451.7271
2026-08-28 00:20:34,823 | INFO    | uav_swarm_ppo.baselines.qlearning | Episode 81/200: reward=-233667.00 coverage=0.665 epsilon=0.050 mean_loss=826825.6538
2026-08-28 00:20:37,222 | INFO    | uav_swarm_ppo.baselines.qlearning | Episode 82/200: reward=-452824.20 coverage=0.595 epsilon=0.050 mean_loss=859579.3601
2026-08-28 00:20:39,374 | INFO    | uav_swarm_ppo.baselines.qlearning | Episode 83/200: reward=-621408.98 coverage=0.239 epsilon=0.050 mean_loss=884418.0056
2026-08-28 00:20:41,712 | INFO    | uav_swarm_ppo.baselines.qlearning | Episode 84/200: reward=-149331.86 coverage=0.652 epsilon=0.050 mean_loss=877045.1312
2026-08-28 00:20:43,926 | INFO    | uav_swarm_ppo.baselines.qlearning | Episode 85/200: reward=-669732.80 coverage=0.527 epsilon=0.050 mean_loss=863413.5158
2026-08-28 00:20:46,338 | INFO    | uav_swarm_ppo.baselines.qlearning | Episode 86/200: reward=-296525.19 coverage=0.468 epsilon=0.050 mean_loss=1416805.5803
2026-08-28 00:20:48,582 | INFO    | uav_swarm_ppo.baselines.qlearning | Episode 87/200: reward=-323611.83 coverage=0.545 epsilon=0.050 mean_loss=791536.5254
2026-08-28 00:20:50,963 | INFO    | uav_swarm_ppo.baselines.qlearning | Episode 88/200: reward=-385330.31 coverage=0.413 epsilon=0.050 mean_loss=768939.8564
2026-08-28 00:20:53,168 | INFO    | uav_swarm_ppo.baselines.qlearning | Episode 89/200: reward=-170997.54 coverage=0.692 epsilon=0.050 mean_loss=621003.9803
2026-08-28 00:20:55,378 | INFO    | uav_swarm_ppo.baselines.qlearning | Episode 90/200: reward=-320525.29 coverage=0.644 epsilon=0.050 mean_loss=560644.7383
2026-08-28 00:20:57,715 | INFO    | uav_swarm_ppo.baselines.qlearning | Episode 91/200: reward=-396702.45 coverage=0.240 epsilon=0.050 mean_loss=632545.8155
2026-08-28 00:20:59,852 | INFO    | uav_swarm_ppo.baselines.qlearning | Episode 92/200: reward=-568262.99 coverage=0.322 epsilon=0.050 mean_loss=902849.5221
2026-08-28 00:21:02,343 | INFO    | uav_swarm_ppo.baselines.qlearning | Episode 93/200: reward=-388499.16 coverage=0.330 epsilon=0.050 mean_loss=1040446.6104
2026-08-28 00:21:04,549 | INFO    | uav_swarm_ppo.baselines.qlearning | Episode 94/200: reward=-495594.42 coverage=0.410 epsilon=0.050 mean_loss=1325351.1185
2026-08-28 00:21:07,066 | INFO    | uav_swarm_ppo.baselines.qlearning | Episode 95/200: reward=-183762.12 coverage=0.682 epsilon=0.050 mean_loss=610620.5550
2026-08-28 00:21:09,355 | INFO    | uav_swarm_ppo.baselines.qlearning | Episode 96/200: reward=-558075.55 coverage=0.408 epsilon=0.050 mean_loss=678620.4294
2026-08-28 00:21:11,743 | INFO    | uav_swarm_ppo.baselines.qlearning | Episode 97/200: reward=-230502.57 coverage=0.570 epsilon=0.050 mean_loss=797589.0886
2026-08-28 00:21:18,609 | INFO    | uav_swarm_ppo.baselines.qlearning | Episode 98/200: reward=-404974.13 coverage=0.675 epsilon=0.050 mean_loss=1183204.0317
2026-08-28 00:21:26,460 | INFO    | uav_swarm_ppo.baselines.qlearning | Episode 99/200: reward=-574704.59 coverage=0.287 epsilon=0.050 mean_loss=1263605.6635
2026-08-28 00:21:34,620 | INFO    | uav_swarm_ppo.baselines.qlearning | Episode 100/200: reward=-174990.47 coverage=0.802 epsilon=0.050 mean_loss=1093220.8954
2026-08-28 00:21:42,873 | INFO    | uav_swarm_ppo.baselines.qlearning | Episode 101/200: reward=-551810.40 coverage=0.363 epsilon=0.050 mean_loss=809616.0029
2026-08-28 00:21:50,676 | INFO    | uav_swarm_ppo.baselines.qlearning | Episode 102/200: reward=-423490.99 coverage=0.473 epsilon=0.050 mean_loss=1098836.4839
2026-08-28 00:21:58,338 | INFO    | uav_swarm_ppo.baselines.qlearning | Episode 103/200: reward=-390424.75 coverage=0.743 epsilon=0.050 mean_loss=953264.4431
2026-08-28 00:22:06,047 | INFO    | uav_swarm_ppo.baselines.qlearning | Episode 104/200: reward=-298059.95 coverage=0.600 epsilon=0.050 mean_loss=698860.4359
2026-08-28 00:22:13,501 | INFO    | uav_swarm_ppo.baselines.qlearning | Episode 105/200: reward=-503933.39 coverage=0.559 epsilon=0.050 mean_loss=552920.8556
2026-08-28 00:22:21,266 | INFO    | uav_swarm_ppo.baselines.qlearning | Episode 106/200: reward=-153803.45 coverage=0.761 epsilon=0.050 mean_loss=606845.4452
2026-08-28 00:22:29,614 | INFO    | uav_swarm_ppo.baselines.qlearning | Episode 107/200: reward=-563139.96 coverage=0.507 epsilon=0.050 mean_loss=1396118.7699
2026-08-28 00:22:37,448 | INFO    | uav_swarm_ppo.baselines.qlearning | Episode 108/200: reward=-132452.91 coverage=0.751 epsilon=0.050 mean_loss=583695.6662
2026-08-28 00:22:44,926 | INFO    | uav_swarm_ppo.baselines.qlearning | Episode 109/200: reward=-556035.42 coverage=0.517 epsilon=0.050 mean_loss=1658048.1682
2026-08-28 00:22:52,765 | INFO    | uav_swarm_ppo.baselines.qlearning | Episode 110/200: reward=-353232.08 coverage=0.617 epsilon=0.050 mean_loss=928440.7434
2026-08-28 00:22:59,989 | INFO    | uav_swarm_ppo.baselines.qlearning | Episode 111/200: reward=-653443.57 coverage=0.207 epsilon=0.050 mean_loss=1268996.3766
2026-08-28 00:23:07,624 | INFO    | uav_swarm_ppo.baselines.qlearning | Episode 112/200: reward=-148853.61 coverage=0.787 epsilon=0.050 mean_loss=621382.8072
2026-08-28 00:23:15,191 | INFO    | uav_swarm_ppo.baselines.qlearning | Episode 113/200: reward=-485847.51 coverage=0.587 epsilon=0.050 mean_loss=894197.1789
2026-08-28 00:23:22,752 | INFO    | uav_swarm_ppo.baselines.qlearning | Episode 114/200: reward=-514845.65 coverage=0.510 epsilon=0.050 mean_loss=1074183.4904
2026-08-28 00:23:30,120 | INFO    | uav_swarm_ppo.baselines.qlearning | Episode 115/200: reward=-411882.64 coverage=0.198 epsilon=0.050 mean_loss=952825.8460
2026-08-28 00:23:38,028 | INFO    | uav_swarm_ppo.baselines.qlearning | Episode 116/200: reward=-423442.04 coverage=0.495 epsilon=0.050 mean_loss=806420.2586
2026-08-28 00:23:45,741 | INFO    | uav_swarm_ppo.baselines.qlearning | Episode 117/200: reward=-187321.09 coverage=0.475 epsilon=0.050 mean_loss=763938.0340
2026-08-28 00:23:53,227 | INFO    | uav_swarm_ppo.baselines.qlearning | Episode 118/200: reward=-208781.17 coverage=0.695 epsilon=0.050 mean_loss=561348.0394
2026-08-28 00:24:00,565 | INFO    | uav_swarm_ppo.baselines.qlearning | Episode 119/200: reward=-868221.38 coverage=0.515 epsilon=0.050 mean_loss=902766.2156
2026-08-28 00:24:08,331 | INFO    | uav_swarm_ppo.baselines.qlearning | Episode 120/200: reward=-291573.00 coverage=0.284 epsilon=0.050 mean_loss=1843824.7149
2026-08-28 00:24:15,665 | INFO    | uav_swarm_ppo.baselines.qlearning | Episode 121/200: reward=-195150.68 coverage=0.630 epsilon=0.050 mean_loss=673465.4309
2026-08-28 00:24:23,421 | INFO    | uav_swarm_ppo.baselines.qlearning | Episode 122/200: reward=-406163.99 coverage=0.735 epsilon=0.050 mean_loss=846382.9231
2026-08-28 00:24:31,071 | INFO    | uav_swarm_ppo.baselines.qlearning | Episode 123/200: reward=-468034.06 coverage=0.485 epsilon=0.050 mean_loss=1000502.0632
2026-08-28 00:24:38,644 | INFO    | uav_swarm_ppo.baselines.qlearning | Episode 124/200: reward=-221711.29 coverage=0.687 epsilon=0.050 mean_loss=632299.0899
2026-08-28 00:24:46,071 | INFO    | uav_swarm_ppo.baselines.qlearning | Episode 125/200: reward=-367647.90 coverage=0.675 epsilon=0.050 mean_loss=857263.0175
2026-08-28 00:24:53,495 | INFO    | uav_swarm_ppo.baselines.qlearning | Episode 126/200: reward=-225364.70 coverage=0.795 epsilon=0.050 mean_loss=735069.5785
2026-08-28 00:25:01,167 | INFO    | uav_swarm_ppo.baselines.qlearning | Episode 127/200: reward=-499455.67 coverage=0.559 epsilon=0.050 mean_loss=998810.3636
2026-08-28 00:25:08,605 | INFO    | uav_swarm_ppo.baselines.qlearning | Episode 128/200: reward=-273823.52 coverage=0.624 epsilon=0.050 mean_loss=817815.5409
2026-08-28 00:25:16,097 | INFO    | uav_swarm_ppo.baselines.qlearning | Episode 129/200: reward=-776345.73 coverage=0.249 epsilon=0.050 mean_loss=1980268.3409
2026-08-28 00:25:23,612 | INFO    | uav_swarm_ppo.baselines.qlearning | Episode 130/200: reward=-718965.35 coverage=0.275 epsilon=0.050 mean_loss=1112850.8716
2026-08-28 00:25:31,074 | INFO    | uav_swarm_ppo.baselines.qlearning | Episode 131/200: reward=-263274.67 coverage=0.500 epsilon=0.050 mean_loss=1041566.4264
2026-08-28 00:25:38,507 | INFO    | uav_swarm_ppo.baselines.qlearning | Episode 132/200: reward=-568735.04 coverage=0.652 epsilon=0.050 mean_loss=719781.5601
2026-08-28 00:25:46,020 | INFO    | uav_swarm_ppo.baselines.qlearning | Episode 133/200: reward=-392311.04 coverage=0.455 epsilon=0.050 mean_loss=1222646.7922
2026-08-28 00:25:53,744 | INFO    | uav_swarm_ppo.baselines.qlearning | Episode 134/200: reward=-172441.41 coverage=0.678 epsilon=0.050 mean_loss=748451.0670
2026-08-28 00:26:01,132 | INFO    | uav_swarm_ppo.baselines.qlearning | Episode 135/200: reward=-120212.99 coverage=0.940 epsilon=0.050 mean_loss=331857.0470
2026-08-28 00:26:08,804 | INFO    | uav_swarm_ppo.baselines.qlearning | Episode 136/200: reward=-199760.09 coverage=0.710 epsilon=0.050 mean_loss=535281.9164
2026-08-28 00:26:16,290 | INFO    | uav_swarm_ppo.baselines.qlearning | Episode 137/200: reward=-323193.34 coverage=0.750 epsilon=0.050 mean_loss=630249.8354
2026-08-28 00:26:23,654 | INFO    | uav_swarm_ppo.baselines.qlearning | Episode 138/200: reward=-673017.98 coverage=0.189 epsilon=0.050 mean_loss=943113.6269
2026-08-28 00:26:31,204 | INFO    | uav_swarm_ppo.baselines.qlearning | Episode 139/200: reward=-282816.07 coverage=0.431 epsilon=0.050 mean_loss=1016668.1617
2026-08-28 00:26:38,391 | INFO    | uav_swarm_ppo.baselines.qlearning | Episode 140/200: reward=-594441.78 coverage=0.185 epsilon=0.050 mean_loss=936319.5417
2026-08-28 00:26:45,633 | INFO    | uav_swarm_ppo.baselines.qlearning | Episode 141/200: reward=-691129.57 coverage=0.223 epsilon=0.050 mean_loss=1200878.6873
2026-08-28 00:26:53,258 | INFO    | uav_swarm_ppo.baselines.qlearning | Episode 142/200: reward=-287588.80 coverage=0.505 epsilon=0.050 mean_loss=1221535.2965
2026-08-28 00:27:00,758 | INFO    | uav_swarm_ppo.baselines.qlearning | Episode 143/200: reward=-594958.17 coverage=0.443 epsilon=0.050 mean_loss=755922.2523
2026-08-28 00:27:08,170 | INFO    | uav_swarm_ppo.baselines.qlearning | Episode 144/200: reward=-384277.76 coverage=0.637 epsilon=0.050 mean_loss=1027260.9940
2026-08-28 00:27:15,723 | INFO    | uav_swarm_ppo.baselines.qlearning | Episode 145/200: reward=-319779.38 coverage=0.470 epsilon=0.050 mean_loss=602676.7682
2026-08-28 00:27:23,840 | INFO    | uav_swarm_ppo.baselines.qlearning | Episode 146/200: reward=-477122.18 coverage=0.625 epsilon=0.050 mean_loss=922761.3360
2026-08-28 00:27:31,337 | INFO    | uav_swarm_ppo.baselines.qlearning | Episode 147/200: reward=-293411.26 coverage=0.645 epsilon=0.050 mean_loss=1531269.5418
2026-08-28 00:27:38,878 | INFO    | uav_swarm_ppo.baselines.qlearning | Episode 148/200: reward=-482033.99 coverage=0.448 epsilon=0.050 mean_loss=1224450.3278
2026-08-28 00:27:46,176 | INFO    | uav_swarm_ppo.baselines.qlearning | Episode 149/200: reward=-453132.77 coverage=0.502 epsilon=0.050 mean_loss=889582.2128
2026-08-28 00:27:53,796 | INFO    | uav_swarm_ppo.baselines.qlearning | Episode 150/200: reward=-502017.96 coverage=0.485 epsilon=0.050 mean_loss=804936.3614
2026-08-28 00:28:01,311 | INFO    | uav_swarm_ppo.baselines.qlearning | Episode 151/200: reward=-269831.38 coverage=0.724 epsilon=0.050 mean_loss=744178.6797
2026-08-28 00:28:08,831 | INFO    | uav_swarm_ppo.baselines.qlearning | Episode 152/200: reward=-476195.76 coverage=0.756 epsilon=0.050 mean_loss=630264.1675
2026-08-28 00:28:16,288 | INFO    | uav_swarm_ppo.baselines.qlearning | Episode 153/200: reward=-511719.45 coverage=0.463 epsilon=0.050 mean_loss=1477630.3250
2026-08-28 00:28:23,713 | INFO    | uav_swarm_ppo.baselines.qlearning | Episode 154/200: reward=-682109.78 coverage=0.218 epsilon=0.050 mean_loss=1400892.1709
2026-08-28 00:28:31,183 | INFO    | uav_swarm_ppo.baselines.qlearning | Episode 155/200: reward=-401100.38 coverage=0.615 epsilon=0.050 mean_loss=1048711.9609
2026-08-28 00:28:38,601 | INFO    | uav_swarm_ppo.baselines.qlearning | Episode 156/200: reward=-484442.29 coverage=0.134 epsilon=0.050 mean_loss=991241.7651
2026-08-28 00:28:46,043 | INFO    | uav_swarm_ppo.baselines.qlearning | Episode 157/200: reward=-407169.90 coverage=0.198 epsilon=0.050 mean_loss=738847.5249
2026-08-28 00:28:53,470 | INFO    | uav_swarm_ppo.baselines.qlearning | Episode 158/200: reward=-482203.86 coverage=0.592 epsilon=0.050 mean_loss=615713.3716
2026-08-28 00:29:00,867 | INFO    | uav_swarm_ppo.baselines.qlearning | Episode 159/200: reward=-563950.20 coverage=0.402 epsilon=0.050 mean_loss=1973921.8232
2026-08-28 00:29:08,475 | INFO    | uav_swarm_ppo.baselines.qlearning | Episode 160/200: reward=-374110.69 coverage=0.594 epsilon=0.050 mean_loss=891185.8251
2026-08-28 00:29:16,152 | INFO    | uav_swarm_ppo.baselines.qlearning | Episode 161/200: reward=-506884.96 coverage=0.244 epsilon=0.050 mean_loss=1246466.0618
2026-08-28 00:29:23,472 | INFO    | uav_swarm_ppo.baselines.qlearning | Episode 162/200: reward=-488853.79 coverage=0.480 epsilon=0.050 mean_loss=703085.5696
2026-08-28 00:29:30,949 | INFO    | uav_swarm_ppo.baselines.qlearning | Episode 163/200: reward=-264354.07 coverage=0.658 epsilon=0.050 mean_loss=809717.9030
2026-08-28 00:29:38,494 | INFO    | uav_swarm_ppo.baselines.qlearning | Episode 164/200: reward=-429254.74 coverage=0.542 epsilon=0.050 mean_loss=628050.8060
2026-08-28 00:29:46,199 | INFO    | uav_swarm_ppo.baselines.qlearning | Episode 165/200: reward=-518651.39 coverage=0.665 epsilon=0.050 mean_loss=939275.2601
2026-08-28 00:29:54,596 | INFO    | uav_swarm_ppo.baselines.qlearning | Episode 166/200: reward=-421527.59 coverage=0.610 epsilon=0.050 mean_loss=1223854.3231
2026-08-28 00:30:02,822 | INFO    | uav_swarm_ppo.baselines.qlearning | Episode 167/200: reward=-504311.89 coverage=0.642 epsilon=0.050 mean_loss=1150152.8360
2026-08-28 00:30:10,794 | INFO    | uav_swarm_ppo.baselines.qlearning | Episode 168/200: reward=-480950.64 coverage=0.585 epsilon=0.050 mean_loss=831120.0156
2026-08-28 00:30:18,509 | INFO    | uav_swarm_ppo.baselines.qlearning | Episode 169/200: reward=-416004.71 coverage=0.400 epsilon=0.050 mean_loss=1135681.4041
2026-08-28 00:30:26,095 | INFO    | uav_swarm_ppo.baselines.qlearning | Episode 170/200: reward=-414420.23 coverage=0.545 epsilon=0.050 mean_loss=861584.1002
2026-08-28 00:30:33,530 | INFO    | uav_swarm_ppo.baselines.qlearning | Episode 171/200: reward=-168626.01 coverage=0.680 epsilon=0.050 mean_loss=367672.9954
2026-08-28 00:30:41,521 | INFO    | uav_swarm_ppo.baselines.qlearning | Episode 172/200: reward=-348844.74 coverage=0.554 epsilon=0.050 mean_loss=567102.3432
2026-08-28 00:30:49,994 | INFO    | uav_swarm_ppo.baselines.qlearning | Episode 173/200: reward=-361735.65 coverage=0.800 epsilon=0.050 mean_loss=674484.6093
2026-08-28 00:30:58,371 | INFO    | uav_swarm_ppo.baselines.qlearning | Episode 174/200: reward=-288490.43 coverage=0.622 epsilon=0.050 mean_loss=1169092.3873
2026-08-28 00:31:06,605 | INFO    | uav_swarm_ppo.baselines.qlearning | Episode 175/200: reward=-313304.61 coverage=0.380 epsilon=0.050 mean_loss=463759.3440
2026-08-28 00:31:14,945 | INFO    | uav_swarm_ppo.baselines.qlearning | Episode 176/200: reward=-443764.97 coverage=0.542 epsilon=0.050 mean_loss=854693.7804
2026-08-28 00:31:23,118 | INFO    | uav_swarm_ppo.baselines.qlearning | Episode 177/200: reward=-508400.21 coverage=0.721 epsilon=0.050 mean_loss=1033072.9020
2026-08-28 00:31:31,501 | INFO    | uav_swarm_ppo.baselines.qlearning | Episode 178/200: reward=-380056.87 coverage=0.592 epsilon=0.050 mean_loss=928186.9108
2026-08-28 00:31:39,942 | INFO    | uav_swarm_ppo.baselines.qlearning | Episode 179/200: reward=-288384.16 coverage=0.614 epsilon=0.050 mean_loss=925053.0441
2026-08-28 00:31:48,503 | INFO    | uav_swarm_ppo.baselines.qlearning | Episode 180/200: reward=-239110.66 coverage=0.743 epsilon=0.050 mean_loss=455484.8988
2026-08-28 00:31:56,895 | INFO    | uav_swarm_ppo.baselines.qlearning | Episode 181/200: reward=-891722.16 coverage=0.403 epsilon=0.050 mean_loss=949288.5638
2026-08-28 00:32:05,493 | INFO    | uav_swarm_ppo.baselines.qlearning | Episode 182/200: reward=-220927.19 coverage=0.590 epsilon=0.050 mean_loss=1186694.0312
2026-08-28 00:32:14,173 | INFO    | uav_swarm_ppo.baselines.qlearning | Episode 183/200: reward=-421087.17 coverage=0.672 epsilon=0.050 mean_loss=1030395.5972
2026-08-28 00:32:22,684 | INFO    | uav_swarm_ppo.baselines.qlearning | Episode 184/200: reward=-223184.43 coverage=0.445 epsilon=0.050 mean_loss=456834.2972
2026-08-28 00:32:31,285 | INFO    | uav_swarm_ppo.baselines.qlearning | Episode 185/200: reward=-339025.40 coverage=0.680 epsilon=0.050 mean_loss=540039.7397
2026-08-28 00:32:39,911 | INFO    | uav_swarm_ppo.baselines.qlearning | Episode 186/200: reward=-209650.62 coverage=0.765 epsilon=0.050 mean_loss=940671.5505
2026-08-28 00:32:47,899 | INFO    | uav_swarm_ppo.baselines.qlearning | Episode 187/200: reward=-563702.14 coverage=0.425 epsilon=0.050 mean_loss=769165.0734
2026-08-28 00:32:56,026 | INFO    | uav_swarm_ppo.baselines.qlearning | Episode 188/200: reward=-272101.69 coverage=0.565 epsilon=0.050 mean_loss=964240.6510
2026-08-28 00:33:03,777 | INFO    | uav_swarm_ppo.baselines.qlearning | Episode 189/200: reward=-471818.53 coverage=0.433 epsilon=0.050 mean_loss=758172.3334
2026-08-28 00:33:10,954 | INFO    | uav_swarm_ppo.baselines.qlearning | Episode 190/200: reward=-483078.67 coverage=0.716 epsilon=0.050 mean_loss=994182.2809
2026-08-28 00:33:19,048 | INFO    | uav_swarm_ppo.baselines.qlearning | Episode 191/200: reward=-242316.31 coverage=0.619 epsilon=0.050 mean_loss=885929.4546
2026-08-28 00:33:27,677 | INFO    | uav_swarm_ppo.baselines.qlearning | Episode 192/200: reward=-510482.26 coverage=0.640 epsilon=0.050 mean_loss=782013.7730
2026-08-28 00:33:36,645 | INFO    | uav_swarm_ppo.baselines.qlearning | Episode 193/200: reward=-429251.02 coverage=0.323 epsilon=0.050 mean_loss=1207525.3139
2026-08-28 00:33:45,163 | INFO    | uav_swarm_ppo.baselines.qlearning | Episode 194/200: reward=-326752.62 coverage=0.510 epsilon=0.050 mean_loss=697486.3825
2026-08-28 00:33:53,586 | INFO    | uav_swarm_ppo.baselines.qlearning | Episode 195/200: reward=-232564.50 coverage=0.750 epsilon=0.050 mean_loss=332509.0741
2026-08-28 00:34:02,263 | INFO    | uav_swarm_ppo.baselines.qlearning | Episode 196/200: reward=-156537.44 coverage=0.823 epsilon=0.050 mean_loss=475644.0335
2026-08-28 00:34:10,599 | INFO    | uav_swarm_ppo.baselines.qlearning | Episode 197/200: reward=-567767.75 coverage=0.488 epsilon=0.050 mean_loss=1125373.4000
2026-08-28 00:34:19,286 | INFO    | uav_swarm_ppo.baselines.qlearning | Episode 198/200: reward=-322072.49 coverage=0.831 epsilon=0.050 mean_loss=645062.6650
2026-08-28 00:34:26,829 | INFO    | uav_swarm_ppo.baselines.qlearning | Episode 199/200: reward=-219419.60 coverage=0.592 epsilon=0.050 mean_loss=1455445.2793
2026-08-28 00:34:34,177 | INFO    | uav_swarm_ppo.baselines.qlearning | Episode 200/200: reward=-673185.75 coverage=0.438 epsilon=0.050 mean_loss=844993.3867
2026-08-28 00:34:36,580 | INFO    | uav_swarm_ppo.baselines.qlearning | Q-Learning training complete. Model saved to results/models/qlearning\qlearning_final.pt
2026-08-28 00:45:40,005 | INFO    | uav_swarm_ppo.baselines.qlearning | Eval episode 0: reward=-321792.83 coverage=0.129
2026-08-28 00:45:43,597 | INFO    | uav_swarm_ppo.baselines.qlearning | Eval episode 1: reward=-404122.01 coverage=0.142
2026-08-28 00:45:46,638 | INFO    | uav_swarm_ppo.baselines.qlearning | Eval episode 2: reward=-420900.71 coverage=0.050
2026-08-28 00:45:47,847 | INFO    | uav_swarm_ppo.baselines.qlearning | Eval episode 3: reward=-348299.07 coverage=0.119
2026-08-28 00:45:48,983 | INFO    | uav_swarm_ppo.baselines.qlearning | Eval episode 4: reward=-411916.03 coverage=0.120
2026-08-28 00:45:50,130 | INFO    | uav_swarm_ppo.baselines.qlearning | Eval episode 5: reward=-330258.76 coverage=0.079
2026-08-28 00:45:51,332 | INFO    | uav_swarm_ppo.baselines.qlearning | Eval episode 6: reward=-323895.90 coverage=0.104
2026-08-28 00:45:52,535 | INFO    | uav_swarm_ppo.baselines.qlearning | Eval episode 7: reward=-329832.67 coverage=0.075
2026-08-28 00:45:53,743 | INFO    | uav_swarm_ppo.baselines.qlearning | Eval episode 8: reward=-674739.02 coverage=0.065
2026-08-28 00:45:54,949 | INFO    | uav_swarm_ppo.baselines.qlearning | Eval episode 9: reward=-346630.07 coverage=0.050
2026-09-02 00:16:22,926 | INFO    | uav_swarm_ppo.baselines.qlearning | Q-network input dimension: 1363 (hidden_units=167)
2026-09-02 00:16:26,012 | INFO    | uav_swarm_ppo.baselines.qlearning | Episode 1/200: reward=-293688.22 coverage=0.483 epsilon=0.437 mean_loss=800999.6855
2026-09-02 00:16:27,726 | INFO    | uav_swarm_ppo.baselines.qlearning | Episode 2/200: reward=-231615.88 coverage=0.642 epsilon=0.407 mean_loss=560175.3976
2026-09-02 00:16:29,613 | INFO    | uav_swarm_ppo.baselines.qlearning | Episode 3/200: reward=-179529.15 coverage=0.690 epsilon=0.378 mean_loss=316696.6105
2026-09-02 00:16:31,334 | INFO    | uav_swarm_ppo.baselines.qlearning | Episode 4/200: reward=-481000.18 coverage=0.262 epsilon=0.352 mean_loss=782469.8081
2026-09-02 00:16:33,000 | INFO    | uav_swarm_ppo.baselines.qlearning | Episode 5/200: reward=-202810.21 coverage=0.615 epsilon=0.327 mean_loss=463461.2014
2026-09-02 00:16:34,817 | INFO    | uav_swarm_ppo.baselines.qlearning | Episode 6/200: reward=-234076.67 coverage=0.616 epsilon=0.304 mean_loss=490948.6835
2026-09-02 00:16:36,605 | INFO    | uav_swarm_ppo.baselines.qlearning | Episode 7/200: reward=-188451.15 coverage=0.716 epsilon=0.283 mean_loss=385327.0871
2026-09-02 00:16:38,323 | INFO    | uav_swarm_ppo.baselines.qlearning | Episode 8/200: reward=-260404.09 coverage=0.575 epsilon=0.263 mean_loss=461092.8607
2026-09-02 00:16:40,139 | INFO    | uav_swarm_ppo.baselines.qlearning | Episode 9/200: reward=-306819.06 coverage=0.570 epsilon=0.245 mean_loss=868520.8029
2026-09-02 00:16:41,954 | INFO    | uav_swarm_ppo.baselines.qlearning | Episode 10/200: reward=-239827.97 coverage=0.627 epsilon=0.227 mean_loss=400673.4594
2026-09-02 00:16:43,722 | INFO    | uav_swarm_ppo.baselines.qlearning | Episode 11/200: reward=-284058.35 coverage=0.512 epsilon=0.212 mean_loss=524556.0266
2026-09-02 00:16:45,525 | INFO    | uav_swarm_ppo.baselines.qlearning | Episode 12/200: reward=-400884.46 coverage=0.463 epsilon=0.197 mean_loss=773033.0699
2026-09-02 00:16:47,295 | INFO    | uav_swarm_ppo.baselines.qlearning | Episode 13/200: reward=-227589.89 coverage=0.670 epsilon=0.183 mean_loss=487640.0433
2026-09-02 00:16:49,042 | INFO    | uav_swarm_ppo.baselines.qlearning | Episode 14/200: reward=-238600.25 coverage=0.653 epsilon=0.170 mean_loss=515385.6863
2026-09-02 00:16:50,948 | INFO    | uav_swarm_ppo.baselines.qlearning | Episode 15/200: reward=-251593.05 coverage=0.802 epsilon=0.158 mean_loss=576310.7371
2026-09-02 00:16:52,655 | INFO    | uav_swarm_ppo.baselines.qlearning | Episode 16/200: reward=-261378.14 coverage=0.644 epsilon=0.147 mean_loss=649851.4188
2026-09-02 00:16:54,374 | INFO    | uav_swarm_ppo.baselines.qlearning | Episode 17/200: reward=-381717.12 coverage=0.630 epsilon=0.137 mean_loss=948183.1977
2026-09-02 00:16:56,291 | INFO    | uav_swarm_ppo.baselines.qlearning | Episode 18/200: reward=-227339.78 coverage=0.701 epsilon=0.127 mean_loss=526795.0445
2026-09-02 00:16:58,043 | INFO    | uav_swarm_ppo.baselines.qlearning | Episode 19/200: reward=-288962.86 coverage=0.768 epsilon=0.118 mean_loss=688432.0050
2026-09-02 00:16:59,939 | INFO    | uav_swarm_ppo.baselines.qlearning | Episode 20/200: reward=-164591.28 coverage=0.590 epsilon=0.110 mean_loss=337067.7325
2026-09-02 00:17:02,361 | INFO    | uav_swarm_ppo.baselines.qlearning | Episode 21/200: reward=-312456.19 coverage=0.385 epsilon=0.102 mean_loss=428014.1069
2026-09-02 00:17:04,360 | INFO    | uav_swarm_ppo.baselines.qlearning | Episode 22/200: reward=-275843.70 coverage=0.601 epsilon=0.095 mean_loss=626337.3805
2026-09-02 00:17:06,501 | INFO    | uav_swarm_ppo.baselines.qlearning | Episode 23/200: reward=-750239.38 coverage=0.257 epsilon=0.089 mean_loss=1484487.8896
2026-09-02 00:17:08,460 | INFO    | uav_swarm_ppo.baselines.qlearning | Episode 24/200: reward=-490127.33 coverage=0.229 epsilon=0.082 mean_loss=773159.3944
2026-09-02 00:17:10,375 | INFO    | uav_swarm_ppo.baselines.qlearning | Episode 25/200: reward=-410249.34 coverage=0.413 epsilon=0.077 mean_loss=559345.8484
2026-09-02 00:17:12,460 | INFO    | uav_swarm_ppo.baselines.qlearning | Episode 26/200: reward=-574725.54 coverage=0.307 epsilon=0.071 mean_loss=1057054.3883
2026-09-02 00:17:14,377 | INFO    | uav_swarm_ppo.baselines.qlearning | Episode 27/200: reward=-544913.91 coverage=0.269 epsilon=0.066 mean_loss=1220222.9299
2026-09-02 00:17:16,333 | INFO    | uav_swarm_ppo.baselines.qlearning | Episode 28/200: reward=-246668.28 coverage=0.436 epsilon=0.062 mean_loss=823171.5981
2026-09-02 00:17:18,466 | INFO    | uav_swarm_ppo.baselines.qlearning | Episode 29/200: reward=-227943.05 coverage=0.540 epsilon=0.057 mean_loss=520540.6982
2026-09-02 00:17:20,357 | INFO    | uav_swarm_ppo.baselines.qlearning | Episode 30/200: reward=-219274.98 coverage=0.577 epsilon=0.053 mean_loss=380544.3940
2026-09-02 00:17:22,498 | INFO    | uav_swarm_ppo.baselines.qlearning | Episode 31/200: reward=-411515.47 coverage=0.395 epsilon=0.050 mean_loss=588349.9188
2026-09-02 00:17:24,437 | INFO    | uav_swarm_ppo.baselines.qlearning | Episode 32/200: reward=-328143.17 coverage=0.483 epsilon=0.050 mean_loss=633319.2062
2026-09-02 00:17:26,280 | INFO    | uav_swarm_ppo.baselines.qlearning | Episode 33/200: reward=-389066.03 coverage=0.408 epsilon=0.050 mean_loss=775435.3899
2026-09-02 00:17:28,425 | INFO    | uav_swarm_ppo.baselines.qlearning | Episode 34/200: reward=-209659.70 coverage=0.540 epsilon=0.050 mean_loss=435102.7693
2026-09-02 00:17:30,316 | INFO    | uav_swarm_ppo.baselines.qlearning | Episode 35/200: reward=-341071.40 coverage=0.530 epsilon=0.050 mean_loss=432443.3323
2026-09-02 00:17:32,240 | INFO    | uav_swarm_ppo.baselines.qlearning | Episode 36/200: reward=-625794.98 coverage=0.155 epsilon=0.050 mean_loss=928174.0480
2026-09-02 00:17:34,133 | INFO    | uav_swarm_ppo.baselines.qlearning | Episode 37/200: reward=-307246.81 coverage=0.272 epsilon=0.050 mean_loss=518216.3134
2026-09-02 00:17:36,109 | INFO    | uav_swarm_ppo.baselines.qlearning | Episode 38/200: reward=-263503.25 coverage=0.587 epsilon=0.050 mean_loss=316012.4114
2026-09-02 00:17:38,190 | INFO    | uav_swarm_ppo.baselines.qlearning | Episode 39/200: reward=-419863.68 coverage=0.480 epsilon=0.050 mean_loss=806835.1699
2026-09-02 00:17:40,128 | INFO    | uav_swarm_ppo.baselines.qlearning | Episode 40/200: reward=-217619.92 coverage=0.535 epsilon=0.050 mean_loss=725862.9132
2026-09-02 00:17:42,112 | INFO    | uav_swarm_ppo.baselines.qlearning | Episode 41/200: reward=-395722.81 coverage=0.463 epsilon=0.050 mean_loss=555654.9640
2026-09-02 00:17:44,295 | INFO    | uav_swarm_ppo.baselines.qlearning | Episode 42/200: reward=-456126.61 coverage=0.254 epsilon=0.050 mean_loss=673163.6727
2026-09-02 00:17:46,179 | INFO    | uav_swarm_ppo.baselines.qlearning | Episode 43/200: reward=-543215.77 coverage=0.348 epsilon=0.050 mean_loss=1022178.6077
2026-09-02 00:17:48,378 | INFO    | uav_swarm_ppo.baselines.qlearning | Episode 44/200: reward=-339802.37 coverage=0.144 epsilon=0.050 mean_loss=943425.7304
2026-09-02 00:17:50,299 | INFO    | uav_swarm_ppo.baselines.qlearning | Episode 45/200: reward=-325310.35 coverage=0.297 epsilon=0.050 mean_loss=534696.3014
2026-09-02 00:17:52,235 | INFO    | uav_swarm_ppo.baselines.qlearning | Episode 46/200: reward=-303343.20 coverage=0.554 epsilon=0.050 mean_loss=737897.9261
2026-09-02 00:17:54,450 | INFO    | uav_swarm_ppo.baselines.qlearning | Episode 47/200: reward=-236759.32 coverage=0.695 epsilon=0.050 mean_loss=490669.6480
2026-09-02 00:17:56,357 | INFO    | uav_swarm_ppo.baselines.qlearning | Episode 48/200: reward=-490432.30 coverage=0.392 epsilon=0.050 mean_loss=1029404.4934
2026-09-02 00:17:58,375 | INFO    | uav_swarm_ppo.baselines.qlearning | Episode 49/200: reward=-231126.94 coverage=0.333 epsilon=0.050 mean_loss=460814.4277
2026-09-02 00:18:00,396 | INFO    | uav_swarm_ppo.baselines.qlearning | Episode 50/200: reward=-711713.84 coverage=0.355 epsilon=0.050 mean_loss=1648085.1491
2026-09-02 00:18:02,571 | INFO    | uav_swarm_ppo.baselines.qlearning | Episode 51/200: reward=-201134.84 coverage=0.604 epsilon=0.050 mean_loss=551410.5059
2026-09-02 00:18:04,983 | INFO    | uav_swarm_ppo.baselines.qlearning | Episode 52/200: reward=-310089.31 coverage=0.478 epsilon=0.050 mean_loss=418973.7865
2026-09-02 00:18:06,882 | INFO    | uav_swarm_ppo.baselines.qlearning | Episode 53/200: reward=-594537.70 coverage=0.260 epsilon=0.050 mean_loss=872187.8358
2026-09-02 00:18:08,875 | INFO    | uav_swarm_ppo.baselines.qlearning | Episode 54/200: reward=-547585.70 coverage=0.280 epsilon=0.050 mean_loss=1332596.8320
2026-09-02 00:18:10,864 | INFO    | uav_swarm_ppo.baselines.qlearning | Episode 55/200: reward=-314896.05 coverage=0.249 epsilon=0.050 mean_loss=609258.1578
2026-09-02 00:18:12,770 | INFO    | uav_swarm_ppo.baselines.qlearning | Episode 56/200: reward=-162474.85 coverage=0.711 epsilon=0.050 mean_loss=417879.4843
2026-09-02 00:18:14,964 | INFO    | uav_swarm_ppo.baselines.qlearning | Episode 57/200: reward=-442954.87 coverage=0.645 epsilon=0.050 mean_loss=870182.6208
2026-09-02 00:18:16,874 | INFO    | uav_swarm_ppo.baselines.qlearning | Episode 58/200: reward=-410366.94 coverage=0.535 epsilon=0.050 mean_loss=950029.2884
2026-09-02 00:18:18,910 | INFO    | uav_swarm_ppo.baselines.qlearning | Episode 59/200: reward=-194332.65 coverage=0.616 epsilon=0.050 mean_loss=679894.7412
2026-09-02 00:18:21,040 | INFO    | uav_swarm_ppo.baselines.qlearning | Episode 60/200: reward=-221785.56 coverage=0.706 epsilon=0.050 mean_loss=447835.3166
2026-09-02 00:18:22,922 | INFO    | uav_swarm_ppo.baselines.qlearning | Episode 61/200: reward=-366330.51 coverage=0.465 epsilon=0.050 mean_loss=853070.3527
2026-09-02 00:18:25,031 | INFO    | uav_swarm_ppo.baselines.qlearning | Episode 62/200: reward=-324131.97 coverage=0.576 epsilon=0.050 mean_loss=599221.9426
2026-09-02 00:18:26,924 | INFO    | uav_swarm_ppo.baselines.qlearning | Episode 63/200: reward=-401144.81 coverage=0.574 epsilon=0.050 mean_loss=1031874.8196
2026-09-02 00:18:28,806 | INFO    | uav_swarm_ppo.baselines.qlearning | Episode 64/200: reward=-151536.28 coverage=0.670 epsilon=0.050 mean_loss=313611.7929
2026-09-02 00:18:30,932 | INFO    | uav_swarm_ppo.baselines.qlearning | Episode 65/200: reward=-429463.15 coverage=0.590 epsilon=0.050 mean_loss=592628.5324
2026-09-02 00:18:32,895 | INFO    | uav_swarm_ppo.baselines.qlearning | Episode 66/200: reward=-277595.54 coverage=0.353 epsilon=0.050 mean_loss=769150.4879
2026-09-02 00:18:34,998 | INFO    | uav_swarm_ppo.baselines.qlearning | Episode 67/200: reward=-560256.66 coverage=0.403 epsilon=0.050 mean_loss=1039479.6824
2026-09-02 00:18:36,983 | INFO    | uav_swarm_ppo.baselines.qlearning | Episode 68/200: reward=-219017.02 coverage=0.498 epsilon=0.050 mean_loss=760719.2246
2026-09-02 00:18:38,894 | INFO    | uav_swarm_ppo.baselines.qlearning | Episode 69/200: reward=-213786.90 coverage=0.645 epsilon=0.050 mean_loss=378474.7797
2026-09-02 00:18:41,052 | INFO    | uav_swarm_ppo.baselines.qlearning | Episode 70/200: reward=-345695.68 coverage=0.711 epsilon=0.050 mean_loss=730189.3967
2026-09-02 00:18:42,997 | INFO    | uav_swarm_ppo.baselines.qlearning | Episode 71/200: reward=-455822.75 coverage=0.315 epsilon=0.050 mean_loss=970192.9903
2026-09-02 00:18:45,113 | INFO    | uav_swarm_ppo.baselines.qlearning | Episode 72/200: reward=-228771.42 coverage=0.677 epsilon=0.050 mean_loss=615187.4146
2026-09-02 00:18:47,065 | INFO    | uav_swarm_ppo.baselines.qlearning | Episode 73/200: reward=-384031.29 coverage=0.580 epsilon=0.050 mean_loss=1288333.7630
2026-09-02 00:18:48,991 | INFO    | uav_swarm_ppo.baselines.qlearning | Episode 74/200: reward=-558285.64 coverage=0.425 epsilon=0.050 mean_loss=942691.5189
2026-09-02 00:18:51,116 | INFO    | uav_swarm_ppo.baselines.qlearning | Episode 75/200: reward=-653063.56 coverage=0.330 epsilon=0.050 mean_loss=1535603.6183
2026-09-02 00:18:53,039 | INFO    | uav_swarm_ppo.baselines.qlearning | Episode 76/200: reward=-359577.32 coverage=0.200 epsilon=0.050 mean_loss=1270685.5089
2026-09-02 00:18:54,960 | INFO    | uav_swarm_ppo.baselines.qlearning | Episode 77/200: reward=-310791.78 coverage=0.415 epsilon=0.050 mean_loss=643530.6905
2026-09-02 00:18:57,032 | INFO    | uav_swarm_ppo.baselines.qlearning | Episode 78/200: reward=-718304.14 coverage=0.174 epsilon=0.050 mean_loss=853739.3170
2026-09-02 00:18:58,931 | INFO    | uav_swarm_ppo.baselines.qlearning | Episode 79/200: reward=-434053.73 coverage=0.423 epsilon=0.050 mean_loss=1886539.4784
2026-09-02 00:19:01,151 | INFO    | uav_swarm_ppo.baselines.qlearning | Episode 80/200: reward=-411632.80 coverage=0.565 epsilon=0.050 mean_loss=1017840.4823
2026-09-02 00:19:03,200 | INFO    | uav_swarm_ppo.baselines.qlearning | Episode 81/200: reward=-477839.97 coverage=0.365 epsilon=0.050 mean_loss=1071061.1323
2026-09-02 00:19:05,302 | INFO    | uav_swarm_ppo.baselines.qlearning | Episode 82/200: reward=-234189.51 coverage=0.650 epsilon=0.050 mean_loss=738666.0611
2026-09-02 00:19:07,537 | INFO    | uav_swarm_ppo.baselines.qlearning | Episode 83/200: reward=-586825.25 coverage=0.303 epsilon=0.050 mean_loss=816663.5167
2026-09-02 00:19:09,389 | INFO    | uav_swarm_ppo.baselines.qlearning | Episode 84/200: reward=-436971.72 coverage=0.398 epsilon=0.050 mean_loss=922973.3324
2026-09-02 00:19:11,405 | INFO    | uav_swarm_ppo.baselines.qlearning | Episode 85/200: reward=-400535.61 coverage=0.308 epsilon=0.050 mean_loss=681566.2572
2026-09-02 00:19:13,392 | INFO    | uav_swarm_ppo.baselines.qlearning | Episode 86/200: reward=-339372.17 coverage=0.716 epsilon=0.050 mean_loss=680608.1703
2026-09-02 00:19:15,399 | INFO    | uav_swarm_ppo.baselines.qlearning | Episode 87/200: reward=-199951.49 coverage=0.465 epsilon=0.050 mean_loss=670114.3733
2026-09-02 00:19:17,537 | INFO    | uav_swarm_ppo.baselines.qlearning | Episode 88/200: reward=-152326.19 coverage=0.761 epsilon=0.050 mean_loss=302428.0409
2026-09-02 00:19:19,496 | INFO    | uav_swarm_ppo.baselines.qlearning | Episode 89/200: reward=-295484.12 coverage=0.776 epsilon=0.050 mean_loss=1142769.2867
2026-09-02 00:19:21,560 | INFO    | uav_swarm_ppo.baselines.qlearning | Episode 90/200: reward=-377115.30 coverage=0.658 epsilon=0.050 mean_loss=809542.1441
2026-09-02 00:19:23,573 | INFO    | uav_swarm_ppo.baselines.qlearning | Episode 91/200: reward=-184750.31 coverage=0.810 epsilon=0.050 mean_loss=871903.4093
2026-09-02 00:19:25,528 | INFO    | uav_swarm_ppo.baselines.qlearning | Episode 92/200: reward=-157382.83 coverage=0.757 epsilon=0.050 mean_loss=260965.1709
2026-09-02 00:19:27,643 | INFO    | uav_swarm_ppo.baselines.qlearning | Episode 93/200: reward=-604311.67 coverage=0.640 epsilon=0.050 mean_loss=785100.0282
2026-09-02 00:19:29,573 | INFO    | uav_swarm_ppo.baselines.qlearning | Episode 94/200: reward=-256284.22 coverage=0.285 epsilon=0.050 mean_loss=1414195.3300
2026-09-02 00:19:31,478 | INFO    | uav_swarm_ppo.baselines.qlearning | Episode 95/200: reward=-321519.82 coverage=0.711 epsilon=0.050 mean_loss=554081.5474
2026-09-02 00:19:33,635 | INFO    | uav_swarm_ppo.baselines.qlearning | Episode 96/200: reward=-525345.56 coverage=0.299 epsilon=0.050 mean_loss=897810.6164
2026-09-02 00:19:35,602 | INFO    | uav_swarm_ppo.baselines.qlearning | Episode 97/200: reward=-179466.29 coverage=0.615 epsilon=0.050 mean_loss=745227.0540
2026-09-02 00:19:37,753 | INFO    | uav_swarm_ppo.baselines.qlearning | Episode 98/200: reward=-484638.23 coverage=0.535 epsilon=0.050 mean_loss=883269.7396
2026-09-02 00:19:39,671 | INFO    | uav_swarm_ppo.baselines.qlearning | Episode 99/200: reward=-300848.09 coverage=0.535 epsilon=0.050 mean_loss=913028.3041
2026-09-02 00:19:41,572 | INFO    | uav_swarm_ppo.baselines.qlearning | Episode 100/200: reward=-158607.15 coverage=0.802 epsilon=0.050 mean_loss=675725.7542
2026-09-02 00:19:43,920 | INFO    | uav_swarm_ppo.baselines.qlearning | Episode 101/200: reward=-467642.49 coverage=0.552 epsilon=0.050 mean_loss=840538.2943
2026-09-02 00:19:45,877 | INFO    | uav_swarm_ppo.baselines.qlearning | Episode 102/200: reward=-239584.24 coverage=0.582 epsilon=0.050 mean_loss=530706.0546
2026-09-02 00:19:47,962 | INFO    | uav_swarm_ppo.baselines.qlearning | Episode 103/200: reward=-342113.04 coverage=0.564 epsilon=0.050 mean_loss=593835.0010
2026-09-02 00:19:49,916 | INFO    | uav_swarm_ppo.baselines.qlearning | Episode 104/200: reward=-322702.45 coverage=0.615 epsilon=0.050 mean_loss=714971.6957
2026-09-02 00:19:51,921 | INFO    | uav_swarm_ppo.baselines.qlearning | Episode 105/200: reward=-619692.15 coverage=0.688 epsilon=0.050 mean_loss=651899.5688
2026-09-02 00:19:54,180 | INFO    | uav_swarm_ppo.baselines.qlearning | Episode 106/200: reward=-266425.61 coverage=0.254 epsilon=0.050 mean_loss=1491260.1069
2026-09-02 00:19:56,281 | INFO    | uav_swarm_ppo.baselines.qlearning | Episode 107/200: reward=-467561.86 coverage=0.537 epsilon=0.050 mean_loss=1229361.7179
2026-09-02 00:19:58,387 | INFO    | uav_swarm_ppo.baselines.qlearning | Episode 108/200: reward=-149153.60 coverage=0.746 epsilon=0.050 mean_loss=682785.1594
2026-09-02 00:20:00,347 | INFO    | uav_swarm_ppo.baselines.qlearning | Episode 109/200: reward=-541692.55 coverage=0.393 epsilon=0.050 mean_loss=921762.8917
2026-09-02 00:20:02,475 | INFO    | uav_swarm_ppo.baselines.qlearning | Episode 110/200: reward=-153266.73 coverage=0.711 epsilon=0.050 mean_loss=553031.7680
2026-09-02 00:20:04,652 | INFO    | uav_swarm_ppo.baselines.qlearning | Episode 111/200: reward=-417782.28 coverage=0.562 epsilon=0.050 mean_loss=939639.8973
2026-09-02 00:20:06,543 | INFO    | uav_swarm_ppo.baselines.qlearning | Episode 112/200: reward=-269485.88 coverage=0.733 epsilon=0.050 mean_loss=595164.4550
2026-09-02 00:20:08,617 | INFO    | uav_swarm_ppo.baselines.qlearning | Episode 113/200: reward=-189230.16 coverage=0.607 epsilon=0.050 mean_loss=619371.1600
2026-09-02 00:20:10,559 | INFO    | uav_swarm_ppo.baselines.qlearning | Episode 114/200: reward=-590149.18 coverage=0.337 epsilon=0.050 mean_loss=838678.2028
2026-09-02 00:20:12,595 | INFO    | uav_swarm_ppo.baselines.qlearning | Episode 115/200: reward=-350428.74 coverage=0.455 epsilon=0.050 mean_loss=930516.9889
2026-09-02 00:20:14,863 | INFO    | uav_swarm_ppo.baselines.qlearning | Episode 116/200: reward=-172052.67 coverage=0.735 epsilon=0.050 mean_loss=406098.6887
2026-09-02 00:20:16,781 | INFO    | uav_swarm_ppo.baselines.qlearning | Episode 117/200: reward=-514855.17 coverage=0.690 epsilon=0.050 mean_loss=1066542.6107
2026-09-02 00:20:18,835 | INFO    | uav_swarm_ppo.baselines.qlearning | Episode 118/200: reward=-133049.28 coverage=0.635 epsilon=0.050 mean_loss=777104.1748
2026-09-02 00:20:20,877 | INFO    | uav_swarm_ppo.baselines.qlearning | Episode 119/200: reward=-117860.84 coverage=0.835 epsilon=0.050 mean_loss=238299.2627
2026-09-02 00:20:23,295 | INFO    | uav_swarm_ppo.baselines.qlearning | Episode 120/200: reward=-394773.25 coverage=0.547 epsilon=0.050 mean_loss=618679.9284
2026-09-02 00:20:25,436 | INFO    | uav_swarm_ppo.baselines.qlearning | Episode 121/200: reward=-84078.21 coverage=0.855 epsilon=0.050 mean_loss=412922.6039
2026-09-02 00:20:27,388 | INFO    | uav_swarm_ppo.baselines.qlearning | Episode 122/200: reward=-418351.46 coverage=0.570 epsilon=0.050 mean_loss=871011.1586
2026-09-02 00:20:29,490 | INFO    | uav_swarm_ppo.baselines.qlearning | Episode 123/200: reward=-220887.53 coverage=0.760 epsilon=0.050 mean_loss=868320.4497
2026-09-02 00:20:31,468 | INFO    | uav_swarm_ppo.baselines.qlearning | Episode 124/200: reward=-266311.63 coverage=0.796 epsilon=0.050 mean_loss=759781.1655
2026-09-02 00:20:33,415 | INFO    | uav_swarm_ppo.baselines.qlearning | Episode 125/200: reward=-255375.51 coverage=0.605 epsilon=0.050 mean_loss=542553.8220
2026-09-02 00:20:35,649 | INFO    | uav_swarm_ppo.baselines.qlearning | Episode 126/200: reward=-445651.16 coverage=0.495 epsilon=0.050 mean_loss=753644.1838
2026-09-02 00:20:37,592 | INFO    | uav_swarm_ppo.baselines.qlearning | Episode 127/200: reward=-218254.01 coverage=0.649 epsilon=0.050 mean_loss=606369.7749
2026-09-02 00:20:39,562 | INFO    | uav_swarm_ppo.baselines.qlearning | Episode 128/200: reward=-470291.02 coverage=0.183 epsilon=0.050 mean_loss=746417.2630
2026-09-02 00:20:41,566 | INFO    | uav_swarm_ppo.baselines.qlearning | Episode 129/200: reward=-463257.99 coverage=0.299 epsilon=0.050 mean_loss=1151917.4792
2026-09-02 00:20:43,519 | INFO    | uav_swarm_ppo.baselines.qlearning | Episode 130/200: reward=-181347.36 coverage=0.830 epsilon=0.050 mean_loss=490221.9497
2026-09-02 00:20:45,728 | INFO    | uav_swarm_ppo.baselines.qlearning | Episode 131/200: reward=-533533.10 coverage=0.392 epsilon=0.050 mean_loss=1316640.0432
2026-09-02 00:20:47,655 | INFO    | uav_swarm_ppo.baselines.qlearning | Episode 132/200: reward=-104367.84 coverage=0.756 epsilon=0.050 mean_loss=402126.5571
2026-09-02 00:20:49,550 | INFO    | uav_swarm_ppo.baselines.qlearning | Episode 133/200: reward=-623524.56 coverage=0.629 epsilon=0.050 mean_loss=1041907.4148
2026-09-02 00:20:51,721 | INFO    | uav_swarm_ppo.baselines.qlearning | Episode 134/200: reward=-168896.99 coverage=0.668 epsilon=0.050 mean_loss=841395.8757
2026-09-02 00:20:53,700 | INFO    | uav_swarm_ppo.baselines.qlearning | Episode 135/200: reward=-428706.80 coverage=0.700 epsilon=0.050 mean_loss=864320.4197
2026-09-02 00:20:55,822 | INFO    | uav_swarm_ppo.baselines.qlearning | Episode 136/200: reward=-336999.27 coverage=0.510 epsilon=0.050 mean_loss=815501.7986
2026-09-02 00:20:57,751 | INFO    | uav_swarm_ppo.baselines.qlearning | Episode 137/200: reward=-364781.09 coverage=0.711 epsilon=0.050 mean_loss=530269.5925
2026-09-02 00:20:59,629 | INFO    | uav_swarm_ppo.baselines.qlearning | Episode 138/200: reward=-626392.04 coverage=0.393 epsilon=0.050 mean_loss=1182467.5975
2026-09-02 00:21:02,030 | INFO    | uav_swarm_ppo.baselines.qlearning | Episode 139/200: reward=-133819.09 coverage=0.634 epsilon=0.050 mean_loss=426741.6772
2026-09-02 00:21:04,350 | INFO    | uav_swarm_ppo.baselines.qlearning | Episode 140/200: reward=-245493.96 coverage=0.735 epsilon=0.050 mean_loss=440850.4293
2026-09-02 00:21:06,639 | INFO    | uav_swarm_ppo.baselines.qlearning | Episode 141/200: reward=-314170.00 coverage=0.748 epsilon=0.050 mean_loss=560960.0476
2026-09-02 00:21:08,582 | INFO    | uav_swarm_ppo.baselines.qlearning | Episode 142/200: reward=-338875.14 coverage=0.710 epsilon=0.050 mean_loss=735940.9809
2026-09-02 00:21:10,558 | INFO    | uav_swarm_ppo.baselines.qlearning | Episode 143/200: reward=-202777.64 coverage=0.701 epsilon=0.050 mean_loss=819855.8677
2026-09-02 00:21:12,632 | INFO    | uav_swarm_ppo.baselines.qlearning | Episode 144/200: reward=-131523.03 coverage=0.766 epsilon=0.050 mean_loss=428421.3438
2026-09-02 00:21:14,609 | INFO    | uav_swarm_ppo.baselines.qlearning | Episode 145/200: reward=-307767.50 coverage=0.695 epsilon=0.050 mean_loss=1274794.5322
2026-09-02 00:21:16,850 | INFO    | uav_swarm_ppo.baselines.qlearning | Episode 146/200: reward=-285122.17 coverage=0.650 epsilon=0.050 mean_loss=696346.5007
2026-09-02 00:21:18,810 | INFO    | uav_swarm_ppo.baselines.qlearning | Episode 147/200: reward=-195908.90 coverage=0.670 epsilon=0.050 mean_loss=390206.1020
2026-09-02 00:21:20,751 | INFO    | uav_swarm_ppo.baselines.qlearning | Episode 148/200: reward=-153474.88 coverage=0.692 epsilon=0.050 mean_loss=375748.5797
2026-09-02 00:21:22,945 | INFO    | uav_swarm_ppo.baselines.qlearning | Episode 149/200: reward=-187453.53 coverage=0.801 epsilon=0.050 mean_loss=487601.1954
2026-09-02 00:21:24,950 | INFO    | uav_swarm_ppo.baselines.qlearning | Episode 150/200: reward=-198820.11 coverage=0.634 epsilon=0.050 mean_loss=379350.1779
2026-09-02 00:21:27,057 | INFO    | uav_swarm_ppo.baselines.qlearning | Episode 151/200: reward=-391880.28 coverage=0.537 epsilon=0.050 mean_loss=799333.3642
2026-09-02 00:21:28,994 | INFO    | uav_swarm_ppo.baselines.qlearning | Episode 152/200: reward=-465720.52 coverage=0.612 epsilon=0.050 mean_loss=693522.1595
2026-09-02 00:21:31,020 | INFO    | uav_swarm_ppo.baselines.qlearning | Episode 153/200: reward=-323303.60 coverage=0.383 epsilon=0.050 mean_loss=1250839.6170
2026-09-02 00:21:33,160 | INFO    | uav_swarm_ppo.baselines.qlearning | Episode 154/200: reward=-425964.28 coverage=0.465 epsilon=0.050 mean_loss=898337.7538
2026-09-02 00:21:35,117 | INFO    | uav_swarm_ppo.baselines.qlearning | Episode 155/200: reward=-89007.73 coverage=0.730 epsilon=0.050 mean_loss=251363.2342
2026-09-02 00:21:37,257 | INFO    | uav_swarm_ppo.baselines.qlearning | Episode 156/200: reward=-258383.66 coverage=0.604 epsilon=0.050 mean_loss=480713.2147
2026-09-02 00:21:39,286 | INFO    | uav_swarm_ppo.baselines.qlearning | Episode 157/200: reward=-374791.10 coverage=0.579 epsilon=0.050 mean_loss=565678.7131
2026-09-02 00:21:41,220 | INFO    | uav_swarm_ppo.baselines.qlearning | Episode 158/200: reward=-589507.52 coverage=0.562 epsilon=0.050 mean_loss=1045249.0575
2026-09-02 00:21:43,605 | INFO    | uav_swarm_ppo.baselines.qlearning | Episode 159/200: reward=-107460.50 coverage=0.515 epsilon=0.050 mean_loss=724575.8496
2026-09-02 00:21:45,590 | INFO    | uav_swarm_ppo.baselines.qlearning | Episode 160/200: reward=-232027.08 coverage=0.738 epsilon=0.050 mean_loss=489887.0022
2026-09-02 00:21:47,738 | INFO    | uav_swarm_ppo.baselines.qlearning | Episode 161/200: reward=-277022.90 coverage=0.512 epsilon=0.050 mean_loss=538503.5441
2026-09-02 00:21:49,718 | INFO    | uav_swarm_ppo.baselines.qlearning | Episode 162/200: reward=-300397.06 coverage=0.723 epsilon=0.050 mean_loss=721056.8835
2026-09-02 00:21:51,795 | INFO    | uav_swarm_ppo.baselines.qlearning | Episode 163/200: reward=-218413.38 coverage=0.589 epsilon=0.050 mean_loss=530745.2145
2026-09-02 00:21:54,069 | INFO    | uav_swarm_ppo.baselines.qlearning | Episode 164/200: reward=-466066.55 coverage=0.542 epsilon=0.050 mean_loss=618628.8576
2026-09-02 00:21:55,999 | INFO    | uav_swarm_ppo.baselines.qlearning | Episode 165/200: reward=-582779.66 coverage=0.285 epsilon=0.050 mean_loss=1444383.1496
2026-09-02 00:21:58,170 | INFO    | uav_swarm_ppo.baselines.qlearning | Episode 166/200: reward=-197491.52 coverage=0.390 epsilon=0.050 mean_loss=837930.2098
2026-09-02 00:22:00,629 | INFO    | uav_swarm_ppo.baselines.qlearning | Episode 167/200: reward=-168009.15 coverage=0.726 epsilon=0.050 mean_loss=688069.8268
2026-09-02 00:22:07,910 | INFO    | uav_swarm_ppo.baselines.qlearning | Episode 168/200: reward=-295911.29 coverage=0.615 epsilon=0.050 mean_loss=288049.9658
2026-09-02 00:22:14,090 | INFO    | uav_swarm_ppo.baselines.qlearning | Episode 169/200: reward=-293002.78 coverage=0.580 epsilon=0.050 mean_loss=842147.8660
2026-09-02 00:22:21,171 | INFO    | uav_swarm_ppo.baselines.qlearning | Episode 170/200: reward=-431798.02 coverage=0.690 epsilon=0.050 mean_loss=1011057.9489
2026-09-02 00:22:26,510 | INFO    | uav_swarm_ppo.baselines.qlearning | Episode 171/200: reward=-147913.11 coverage=0.515 epsilon=0.050 mean_loss=456828.6786
2026-09-02 00:22:31,752 | INFO    | uav_swarm_ppo.baselines.qlearning | Episode 172/200: reward=-415162.19 coverage=0.589 epsilon=0.050 mean_loss=786827.9156
2026-09-02 00:22:34,788 | INFO    | uav_swarm_ppo.baselines.qlearning | Episode 173/200: reward=-161366.26 coverage=0.745 epsilon=0.050 mean_loss=451263.2197
2026-09-02 00:22:37,827 | INFO    | uav_swarm_ppo.baselines.qlearning | Episode 174/200: reward=-159580.95 coverage=0.761 epsilon=0.050 mean_loss=357069.2806
2026-09-02 00:22:40,747 | INFO    | uav_swarm_ppo.baselines.qlearning | Episode 175/200: reward=-90211.75 coverage=0.585 epsilon=0.050 mean_loss=257273.4870
2026-09-02 00:22:43,859 | INFO    | uav_swarm_ppo.baselines.qlearning | Episode 176/200: reward=-105993.69 coverage=0.811 epsilon=0.050 mean_loss=229571.5247
2026-09-02 00:22:46,904 | INFO    | uav_swarm_ppo.baselines.qlearning | Episode 177/200: reward=-229267.92 coverage=0.642 epsilon=0.050 mean_loss=567926.2765
2026-09-02 00:22:49,924 | INFO    | uav_swarm_ppo.baselines.qlearning | Episode 178/200: reward=-459368.92 coverage=0.517 epsilon=0.050 mean_loss=868223.4514
2026-09-02 00:22:53,243 | INFO    | uav_swarm_ppo.baselines.qlearning | Episode 179/200: reward=-228767.76 coverage=0.653 epsilon=0.050 mean_loss=468914.2835
2026-09-02 00:22:56,020 | INFO    | uav_swarm_ppo.baselines.qlearning | Episode 180/200: reward=-406287.54 coverage=0.599 epsilon=0.050 mean_loss=606925.1855
2026-09-02 00:22:58,783 | INFO    | uav_swarm_ppo.baselines.qlearning | Episode 181/200: reward=-147528.67 coverage=0.701 epsilon=0.050 mean_loss=363564.1609
2026-09-02 00:23:01,908 | INFO    | uav_swarm_ppo.baselines.qlearning | Episode 182/200: reward=-126508.99 coverage=0.740 epsilon=0.050 mean_loss=223413.8362
2026-09-02 00:23:04,753 | INFO    | uav_swarm_ppo.baselines.qlearning | Episode 183/200: reward=-115977.41 coverage=0.846 epsilon=0.050 mean_loss=289064.8310
2026-09-02 00:23:07,507 | INFO    | uav_swarm_ppo.baselines.qlearning | Episode 184/200: reward=-602174.78 coverage=0.555 epsilon=0.050 mean_loss=943563.0899
2026-09-02 00:23:10,914 | INFO    | uav_swarm_ppo.baselines.qlearning | Episode 185/200: reward=-128297.96 coverage=0.635 epsilon=0.050 mean_loss=623637.1064
2026-09-02 00:23:14,093 | INFO    | uav_swarm_ppo.baselines.qlearning | Episode 186/200: reward=-84641.01 coverage=0.670 epsilon=0.050 mean_loss=162071.3370
2026-09-02 00:23:16,729 | INFO    | uav_swarm_ppo.baselines.qlearning | Episode 187/200: reward=-231202.59 coverage=0.450 epsilon=0.050 mean_loss=410027.7940
2026-09-02 00:23:19,849 | INFO    | uav_swarm_ppo.baselines.qlearning | Episode 188/200: reward=-147580.09 coverage=0.685 epsilon=0.050 mean_loss=426770.9864
2026-09-02 00:23:22,666 | INFO    | uav_swarm_ppo.baselines.qlearning | Episode 189/200: reward=-202985.84 coverage=0.756 epsilon=0.050 mean_loss=355359.7693
2026-09-02 00:23:25,585 | INFO    | uav_swarm_ppo.baselines.qlearning | Episode 190/200: reward=-166123.20 coverage=0.796 epsilon=0.050 mean_loss=356846.5664
2026-09-02 00:23:28,437 | INFO    | uav_swarm_ppo.baselines.qlearning | Episode 191/200: reward=-175698.38 coverage=0.772 epsilon=0.050 mean_loss=337371.7322
2026-09-02 00:23:31,353 | INFO    | uav_swarm_ppo.baselines.qlearning | Episode 192/200: reward=-106011.93 coverage=0.780 epsilon=0.050 mean_loss=315956.3997
2026-09-02 00:23:34,714 | INFO    | uav_swarm_ppo.baselines.qlearning | Episode 193/200: reward=-189997.97 coverage=0.766 epsilon=0.050 mean_loss=347766.3509
2026-09-02 00:23:37,859 | INFO    | uav_swarm_ppo.baselines.qlearning | Episode 194/200: reward=-182089.10 coverage=0.685 epsilon=0.050 mean_loss=419327.9205
2026-09-02 00:23:41,064 | INFO    | uav_swarm_ppo.baselines.qlearning | Episode 195/200: reward=-329335.43 coverage=0.565 epsilon=0.050 mean_loss=520194.5417
2026-09-02 00:23:45,844 | INFO    | uav_swarm_ppo.baselines.qlearning | Episode 196/200: reward=-223495.22 coverage=0.754 epsilon=0.050 mean_loss=638114.9751
2026-09-02 00:23:49,163 | INFO    | uav_swarm_ppo.baselines.qlearning | Episode 197/200: reward=-466002.43 coverage=0.721 epsilon=0.050 mean_loss=646724.1782
2026-09-02 00:23:51,838 | INFO    | uav_swarm_ppo.baselines.qlearning | Episode 198/200: reward=-235206.87 coverage=0.726 epsilon=0.050 mean_loss=887229.1873
2026-09-02 00:23:54,493 | INFO    | uav_swarm_ppo.baselines.qlearning | Episode 199/200: reward=-437740.07 coverage=0.478 epsilon=0.050 mean_loss=467808.2900
2026-09-02 00:23:57,024 | INFO    | uav_swarm_ppo.baselines.qlearning | Episode 200/200: reward=-22486.73 coverage=0.739 epsilon=0.050 mean_loss=408893.8583
2026-09-02 00:23:58,107 | INFO    | uav_swarm_ppo.baselines.qlearning | Q-Learning training complete. Model saved to results/models/qlearning\qlearning_final.pt
2026-09-02 00:50:44,046 | INFO    | uav_swarm_ppo.baselines.qlearning | Q-network input dimension: 1363 (hidden_units=167)
2026-09-02 00:50:47,294 | INFO    | uav_swarm_ppo.baselines.qlearning | Episode 1/10: reward=-382645.68 coverage=0.284 epsilon=0.437 mean_loss=921451.1408
2026-09-02 00:50:49,077 | INFO    | uav_swarm_ppo.baselines.qlearning | Episode 2/10: reward=-176794.92 coverage=0.740 epsilon=0.407 mean_loss=385941.9474
2026-09-02 00:50:51,090 | INFO    | uav_swarm_ppo.baselines.qlearning | Episode 3/10: reward=-272696.59 coverage=0.430 epsilon=0.378 mean_loss=338397.4855
2026-09-02 00:50:52,838 | INFO    | uav_swarm_ppo.baselines.qlearning | Episode 4/10: reward=-240461.06 coverage=0.540 epsilon=0.352 mean_loss=454083.5756
2026-09-02 00:50:54,534 | INFO    | uav_swarm_ppo.baselines.qlearning | Episode 5/10: reward=-294181.91 coverage=0.600 epsilon=0.327 mean_loss=688486.3042
2026-09-02 00:50:56,401 | INFO    | uav_swarm_ppo.baselines.qlearning | Episode 6/10: reward=-223155.52 coverage=0.650 epsilon=0.304 mean_loss=510224.8448
2026-09-02 00:50:58,110 | INFO    | uav_swarm_ppo.baselines.qlearning | Episode 7/10: reward=-167450.29 coverage=0.746 epsilon=0.283 mean_loss=347809.7588
2026-09-02 00:50:59,853 | INFO    | uav_swarm_ppo.baselines.qlearning | Episode 8/10: reward=-221282.43 coverage=0.660 epsilon=0.263 mean_loss=401181.3740
2026-09-02 00:51:01,988 | INFO    | uav_swarm_ppo.baselines.qlearning | Episode 9/10: reward=-322739.32 coverage=0.420 epsilon=0.245 mean_loss=455770.0362
2026-09-02 00:51:03,874 | INFO    | uav_swarm_ppo.baselines.qlearning | Episode 10/10: reward=-363130.93 coverage=0.478 epsilon=0.227 mean_loss=887641.4573
2026-09-02 00:51:04,349 | INFO    | uav_swarm_ppo.baselines.qlearning | Q-Learning training complete. Model saved to results/models/qlearning\qlearning_final.pt
